127.0.0.1 - - [03/Jan/2023:08:59:53 +0900] "GET / HTTP/1.1" 404 807
0:0:0:0:0:0:0:1 - - [03/Jan/2023:08:59:55 +0900] "GET /pro02/login.html HTTP/1.1" 304 -
0:0:0:0:0:0:0:1 - - [03/Jan/2023:08:59:55 +0900] "GET /favicon.ico HTTP/1.1" 404 818
0:0:0:0:0:0:0:1 - - [03/Jan/2023:09:00:35 +0900] "GET /pro02/login?user_id=&user_pw=&new_id=qweqwe&new_pw1=qweqwe&user_name=qweqwe&user_mail=asdf%40naver.com&user_tel=qweqwe HTTP/1.1" 200 -
0:0:0:0:0:0:0:1 - - [03/Jan/2023:09:14:17 +0900] "GET /pro02/login?user_id=dntjdxo&user_pw=123123&new_id=dntjdxo93&new_pw1=as9251as&user_name=%EA%B0%80%EB%82%98%EB%8B%A4&user_mail=dntjdxo93%40naver.com&user_tel=01020203010 HTTP/1.1" 200 -
127.0.0.1 - - [03/Jan/2023:09:14:40 +0900] "GET / HTTP/1.1" 404 807
0:0:0:0:0:0:0:1 - - [03/Jan/2023:09:16:36 +0900] "GET /pro02/login?user_id=dntjdxo&user_pw=123123&new_id=dntjdxo93&new_pw1=as9251as&user_name=%EA%B0%80%EB%82%98%EB%8B%A4&user_mail=dntjdxo93%40naver.com&user_tel=01020203010 HTTP/1.1" 200 -
0:0:0:0:0:0:0:1 - - [03/Jan/2023:09:16:36 +0900] "GET /pro02/login.html HTTP/1.1" 200 2507
0:0:0:0:0:0:0:1 - - [03/Jan/2023:09:16:36 +0900] "GET /favicon.ico HTTP/1.1" 404 818
0:0:0:0:0:0:0:1 - - [03/Jan/2023:09:18:13 +0900] "GET /favicon.ico HTTP/1.1" 404 818
0:0:0:0:0:0:0:1 - - [03/Jan/2023:09:18:56 +0900] "GET /pro02/login.html HTTP/1.1" 200 2507
0:0:0:0:0:0:0:1 - - [03/Jan/2023:09:18:59 +0900] "GET /pro02/login.html HTTP/1.1" 304 -
0:0:0:0:0:0:0:1 - - [03/Jan/2023:09:19:13 +0900] "GET /pro02/login.html HTTP/1.1" 200 2531
0:0:0:0:0:0:0:1 - - [03/Jan/2023:09:19:14 +0900] "GET /pro02/login.html HTTP/1.1" 304 -
0:0:0:0:0:0:0:1 - - [03/Jan/2023:09:19:14 +0900] "GET /pro02/login.html HTTP/1.1" 304 -
0:0:0:0:0:0:0:1 - - [03/Jan/2023:09:19:16 +0900] "GET /pro02/login.html HTTP/1.1" 304 -
0:0:0:0:0:0:0:1 - - [03/Jan/2023:09:19:16 +0900] "GET /pro02/login.html HTTP/1.1" 304 -
0:0:0:0:0:0:0:1 - - [03/Jan/2023:09:19:16 +0900] "GET /pro02/login.html HTTP/1.1" 304 -
0:0:0:0:0:0:0:1 - - [03/Jan/2023:09:19:16 +0900] "GET /pro02/login.html HTTP/1.1" 304 -
127.0.0.1 - - [03/Jan/2023:10:08:16 +0900] "GET / HTTP/1.1" 404 807
0:0:0:0:0:0:0:1 - - [03/Jan/2023:10:08:17 +0900] "GET /pro02/login5.html HTTP/1.1" 200 962
0:0:0:0:0:0:0:1 - - [03/Jan/2023:10:08:17 +0900] "GET /favicon.ico HTTP/1.1" 404 818
0:0:0:0:0:0:0:1 - - [03/Jan/2023:10:09:01 +0900] "GET /pro02/login5.html HTTP/1.1" 200 962
0:0:0:0:0:0:0:1 - - [03/Jan/2023:10:09:37 +0900] "GET /pro02/login5.html HTTP/1.1" 200 963
0:0:0:0:0:0:0:1 - - [03/Jan/2023:10:09:39 +0900] "POST /pro02/login5 HTTP/1.1" 200 81
0:0:0:0:0:0:0:1 - - [03/Jan/2023:10:12:09 +0900] "POST /pro02/login5 HTTP/1.1" 200 81
127.0.0.1 - - [03/Jan/2023:10:35:31 +0900] "GET / HTTP/1.1" 404 807
0:0:0:0:0:0:0:1 - - [03/Jan/2023:10:35:32 +0900] "GET /pro02/test01/login.html HTTP/1.1" 200 392
0:0:0:0:0:0:0:1 - - [03/Jan/2023:10:35:33 +0900] "POST /pro02/lgtest HTTP/1.1" 200 146
0:0:0:0:0:0:0:1 - - [03/Jan/2023:10:35:37 +0900] "POST /pro02/lgtest HTTP/1.1" 200 73
127.0.0.1 - - [03/Jan/2023:10:37:53 +0900] "GET / HTTP/1.1" 404 807
0:0:0:0:0:0:0:1 - - [03/Jan/2023:10:37:53 +0900] "GET /pro02/test01/login.html HTTP/1.1" 200 393
0:0:0:0:0:0:0:1 - - [03/Jan/2023:10:38:00 +0900] "POST /pro02/lgtest2 HTTP/1.1" 200 200
127.0.0.1 - - [03/Jan/2023:10:44:15 +0900] "GET / HTTP/1.1" 404 807
0:0:0:0:0:0:0:1 - - [03/Jan/2023:10:44:16 +0900] "GET /pro02/test01/login.html HTTP/1.1" 304 -
0:0:0:0:0:0:0:1 - - [03/Jan/2023:10:44:22 +0900] "POST /pro02/lgtest2 HTTP/1.1" 200 200
0:0:0:0:0:0:0:1 - - [03/Jan/2023:10:44:26 +0900] "POST /pro02/lgtest2 HTTP/1.1" 200 61
127.0.0.1 - - [03/Jan/2023:11:09:10 +0900] "GET / HTTP/1.1" 404 807
0:0:0:0:0:0:0:1 - - [03/Jan/2023:11:09:11 +0900] "GET /pro02/login5.html HTTP/1.1" 200 963
0:0:0:0:0:0:0:1 - - [03/Jan/2023:11:09:15 +0900] "POST /pro02/login5 HTTP/1.1" 200 81
0:0:0:0:0:0:0:1 - - [03/Jan/2023:11:09:48 +0900] "POST /pro02/login5 HTTP/1.1" 200 81
127.0.0.1 - - [03/Jan/2023:11:13:12 +0900] "GET / HTTP/1.1" 404 807
0:0:0:0:0:0:0:1 - - [03/Jan/2023:11:13:12 +0900] "GET /pro02/test01/gugu.html HTTP/1.1" 404 837
0:0:0:0:0:0:0:1 - - [03/Jan/2023:11:15:36 +0900] "GET /pro02/test01/gugu.html HTTP/1.1" 404 837
127.0.0.1 - - [03/Jan/2023:11:30:20 +0900] "GET / HTTP/1.1" 404 807
0:0:0:0:0:0:0:1 - - [03/Jan/2023:11:30:20 +0900] "GET /pro02/test01/gugu.html HTTP/1.1" 200 373
0:0:0:0:0:0:0:1 - - [03/Jan/2023:11:30:20 +0900] "GET /favicon.ico HTTP/1.1" 404 818
0:0:0:0:0:0:0:1 - - [03/Jan/2023:11:30:23 +0900] "GET /pro02/gutest?gugudan=3 HTTP/1.1" 200 -
127.0.0.1 - - [03/Jan/2023:11:30:55 +0900] "GET / HTTP/1.1" 404 807
0:0:0:0:0:0:0:1 - - [03/Jan/2023:11:30:57 +0900] "GET /pro02/gutest?gugudan=6 HTTP/1.1" 200 18
127.0.0.1 - - [03/Jan/2023:11:33:47 +0900] "GET / HTTP/1.1" 404 807
0:0:0:0:0:0:0:1 - - [03/Jan/2023:11:33:48 +0900] "GET /pro02/gutest HTTP/1.1" 500 1318
127.0.0.1 - - [03/Jan/2023:11:34:08 +0900] "GET / HTTP/1.1" 404 807
0:0:0:0:0:0:0:1 - - [03/Jan/2023:11:34:09 +0900] "GET /pro02/test01/gugu.html HTTP/1.1" 304 -
0:0:0:0:0:0:0:1 - - [03/Jan/2023:11:34:12 +0900] "GET /pro02/gutest?gugudan=5 HTTP/1.1" 200 18
127.0.0.1 - - [03/Jan/2023:11:37:32 +0900] "GET / HTTP/1.1" 404 807
0:0:0:0:0:0:0:1 - - [03/Jan/2023:11:37:32 +0900] "GET /pro02/gutest HTTP/1.1" 500 1318
127.0.0.1 - - [03/Jan/2023:11:38:01 +0900] "GET / HTTP/1.1" 404 807
0:0:0:0:0:0:0:1 - - [03/Jan/2023:11:38:02 +0900] "GET /pro02/test01/gugu.html HTTP/1.1" 304 -
0:0:0:0:0:0:0:1 - - [03/Jan/2023:11:38:05 +0900] "GET /pro02/gutest?gugudan=15 HTTP/1.1" 200 62
127.0.0.1 - - [03/Jan/2023:11:39:12 +0900] "GET / HTTP/1.1" 404 807
0:0:0:0:0:0:0:1 - - [03/Jan/2023:11:39:14 +0900] "GET /pro02/gutest?gugudan=15 HTTP/1.1" 200 202
127.0.0.1 - - [03/Jan/2023:11:40:00 +0900] "GET / HTTP/1.1" 404 807
0:0:0:0:0:0:0:1 - - [03/Jan/2023:11:40:02 +0900] "GET /pro02/gutest?gugudan=3 HTTP/1.1" 200 196
127.0.0.1 - - [03/Jan/2023:11:42:30 +0900] "GET / HTTP/1.1" 404 807
0:0:0:0:0:0:0:1 - - [03/Jan/2023:11:42:30 +0900] "GET /pro02/test01/gugu.html HTTP/1.1" 304 -
0:0:0:0:0:0:0:1 - - [03/Jan/2023:11:42:32 +0900] "GET /pro02/gutest?gugudan=5 HTTP/1.1" 200 308
0:0:0:0:0:0:0:1 - - [03/Jan/2023:11:42:55 +0900] "GET /pro02/gutest?gugudan=5 HTTP/1.1" 200 308
127.0.0.1 - - [03/Jan/2023:11:43:07 +0900] "GET / HTTP/1.1" 404 807
0:0:0:0:0:0:0:1 - - [03/Jan/2023:11:43:14 +0900] "GET /pro02/gutest?gugudan=7 HTTP/1.1" 200 198
127.0.0.1 - - [03/Jan/2023:11:46:32 +0900] "GET / HTTP/1.1" 404 807
0:0:0:0:0:0:0:1 - - [03/Jan/2023:11:46:33 +0900] "GET /pro02/test01/gugu.html HTTP/1.1" 304 -
0:0:0:0:0:0:0:1 - - [03/Jan/2023:11:46:34 +0900] "GET /pro02/gutest?gugudan=6 HTTP/1.1" 200 198
127.0.0.1 - - [03/Jan/2023:11:49:34 +0900] "GET / HTTP/1.1" 404 807
0:0:0:0:0:0:0:1 - - [03/Jan/2023:11:49:36 +0900] "GET /pro02/gutest?gugudan=5 HTTP/1.1" 200 338
0:0:0:0:0:0:0:1 - - [03/Jan/2023:11:49:43 +0900] "GET /pro02/gutest?gugudan=5 HTTP/1.1" 200 198
127.0.0.1 - - [03/Jan/2023:12:12:01 +0900] "GET / HTTP/1.1" 404 807
0:0:0:0:0:0:0:1 - - [03/Jan/2023:12:12:02 +0900] "GET /pro02/test01/gugu.html HTTP/1.1" 304 -
0:0:0:0:0:0:0:1 - - [03/Jan/2023:12:12:02 +0900] "GET /favicon.ico HTTP/1.1" 404 818
0:0:0:0:0:0:0:1 - - [03/Jan/2023:12:12:05 +0900] "GET /pro02/gutest?gugudan=7 HTTP/1.1" 200 198
127.0.0.1 - - [03/Jan/2023:13:56:29 +0900] "GET / HTTP/1.1" 404 807
0:0:0:0:0:0:0:1 - - [03/Jan/2023:13:56:29 +0900] "GET /pro02/first4_1 HTTP/1.1" 302 -
0:0:0:0:0:0:0:1 - - [03/Jan/2023:13:56:29 +0900] "GET /pro02/second4_1 HTTP/1.1" 200 83
0:0:0:0:0:0:0:1 - - [03/Jan/2023:13:56:36 +0900] "GET /pro02/second HTTP/1.1" 200 17
0:0:0:0:0:0:0:1 - - [03/Jan/2023:13:56:38 +0900] "GET /pro02/first4_1 HTTP/1.1" 302 -
0:0:0:0:0:0:0:1 - - [03/Jan/2023:13:56:38 +0900] "GET /pro02/second4_1 HTTP/1.1" 200 83
127.0.0.1 - - [03/Jan/2023:14:01:06 +0900] "GET / HTTP/1.1" 404 807
0:0:0:0:0:0:0:1 - - [03/Jan/2023:14:01:07 +0900] "GET /pro02/first4_2 HTTP/1.1" 404 825
127.0.0.1 - - [03/Jan/2023:14:01:34 +0900] "GET / HTTP/1.1" 404 807
0:0:0:0:0:0:0:1 - - [03/Jan/2023:14:01:35 +0900] "GET /pro02/first4_2 HTTP/1.1" 404 825
127.0.0.1 - - [03/Jan/2023:14:01:54 +0900] "GET / HTTP/1.1" 404 807
0:0:0:0:0:0:0:1 - - [03/Jan/2023:14:01:54 +0900] "GET /pro02/first4_2 HTTP/1.1" 200 -
0:0:0:0:0:0:0:1 - - [03/Jan/2023:14:01:55 +0900] "GET /pro02/second4_2 HTTP/1.1" 200 83
127.0.0.1 - - [03/Jan/2023:14:19:40 +0900] "GET / HTTP/1.1" 404 807
0:0:0:0:0:0:0:1 - - [03/Jan/2023:14:19:40 +0900] "GET /pro02/first4_2 HTTP/1.1" 200 -
0:0:0:0:0:0:0:1 - - [03/Jan/2023:14:19:45 +0900] "GET /pro02/second4_2 HTTP/1.1" 200 83
127.0.0.1 - - [03/Jan/2023:14:31:23 +0900] "GET / HTTP/1.1" 404 807
0:0:0:0:0:0:0:1 - - [03/Jan/2023:14:31:24 +0900] "GET /pro02/first4_2 HTTP/1.1" 200 -
0:0:0:0:0:0:0:1 - - [03/Jan/2023:14:31:25 +0900] "GET /pro02/second4_2 HTTP/1.1" 200 83
127.0.0.1 - - [03/Jan/2023:14:58:23 +0900] "GET / HTTP/1.1" 404 807
0:0:0:0:0:0:0:1 - - [03/Jan/2023:14:58:23 +0900] "GET /pro02/first4_2 HTTP/1.1" 200 -
0:0:0:0:0:0:0:1 - - [03/Jan/2023:14:58:24 +0900] "GET /pro02/second4_2 HTTP/1.1" 200 78
127.0.0.1 - - [03/Jan/2023:15:00:39 +0900] "GET / HTTP/1.1" 404 807
0:0:0:0:0:0:0:1 - - [03/Jan/2023:15:00:39 +0900] "GET /pro02/first4_3 HTTP/1.1" 200 67
0:0:0:0:0:0:0:1 - - [03/Jan/2023:15:01:01 +0900] "GET /pro02/first4_3 HTTP/1.1" 200 67
0:0:0:0:0:0:0:1 - - [03/Jan/2023:15:01:02 +0900] "GET /pro02/first4_3 HTTP/1.1" 200 67
0:0:0:0:0:0:0:1 - - [03/Jan/2023:15:01:05 +0900] "GET /pro02/first4_3 HTTP/1.1" 200 67
0:0:0:0:0:0:0:1 - - [03/Jan/2023:15:01:05 +0900] "GET /pro02/first4_3 HTTP/1.1" 200 67
127.0.0.1 - - [03/Jan/2023:15:01:17 +0900] "GET / HTTP/1.1" 404 807
0:0:0:0:0:0:0:1 - - [03/Jan/2023:15:01:18 +0900] "GET /pro02/first4_3 HTTP/1.1" 200 66
0:0:0:0:0:0:0:1 - - [03/Jan/2023:15:01:18 +0900] "GET /pro02/second4_3 HTTP/1.1" 200 79
127.0.0.1 - - [03/Jan/2023:15:05:25 +0900] "GET / HTTP/1.1" 404 807
0:0:0:0:0:0:0:1 - - [03/Jan/2023:15:05:25 +0900] "GET /pro02/first4_4 HTTP/1.1" 302 -
0:0:0:0:0:0:0:1 - - [03/Jan/2023:15:05:25 +0900] "GET /pro02/second?name=woo HTTP/1.1" 200 17
0:0:0:0:0:0:0:1 - - [03/Jan/2023:15:05:35 +0900] "GET /pro02/first4_4 HTTP/1.1" 302 -
0:0:0:0:0:0:0:1 - - [03/Jan/2023:15:05:35 +0900] "GET /pro02/second?name=woo HTTP/1.1" 200 17
0:0:0:0:0:0:0:1 - - [03/Jan/2023:15:05:43 +0900] "GET /pro02/first4_4 HTTP/1.1" 302 -
0:0:0:0:0:0:0:1 - - [03/Jan/2023:15:05:43 +0900] "GET /pro02/second?name=woo HTTP/1.1" 200 17
127.0.0.1 - - [03/Jan/2023:15:06:30 +0900] "GET / HTTP/1.1" 404 807
0:0:0:0:0:0:0:1 - - [03/Jan/2023:15:06:31 +0900] "GET /pro02/first4_4 HTTP/1.1" 302 -
0:0:0:0:0:0:0:1 - - [03/Jan/2023:15:06:31 +0900] "GET /pro02/second?name=woo HTTP/1.1" 200 17
127.0.0.1 - - [03/Jan/2023:15:06:59 +0900] "GET / HTTP/1.1" 404 807
0:0:0:0:0:0:0:1 - - [03/Jan/2023:15:06:59 +0900] "GET /pro02/first4_4 HTTP/1.1" 302 -
0:0:0:0:0:0:0:1 - - [03/Jan/2023:15:06:59 +0900] "GET /pro02/second?name=woo HTTP/1.1" 200 17
0:0:0:0:0:0:0:1 - - [03/Jan/2023:15:07:45 +0900] "GET /pro02/second?name=woo HTTP/1.1" 200 17
127.0.0.1 - - [03/Jan/2023:15:09:09 +0900] "GET / HTTP/1.1" 404 807
0:0:0:0:0:0:0:1 - - [03/Jan/2023:15:09:09 +0900] "GET /pro02/test01/login.html HTTP/1.1" 304 -
0:0:0:0:0:0:0:1 - - [03/Jan/2023:15:09:13 +0900] "POST /pro02/lgtest2 HTTP/1.1" 200 58
0:0:0:0:0:0:0:1 - - [03/Jan/2023:15:10:18 +0900] "GET /pro02/first4_4 HTTP/1.1" 302 -
0:0:0:0:0:0:0:1 - - [03/Jan/2023:15:10:18 +0900] "GET /pro02/second?name=woo HTTP/1.1" 200 17
0:0:0:0:0:0:0:1 - - [03/Jan/2023:15:10:18 +0900] "GET /favicon.ico HTTP/1.1" 404 818
0:0:0:0:0:0:0:1 - - [03/Jan/2023:15:10:36 +0900] "GET /pro02/second4_4 HTTP/1.1" 200 49
0:0:0:0:0:0:0:1 - - [03/Jan/2023:15:10:44 +0900] "GET /pro02/second?name=woo HTTP/1.1" 200 17
127.0.0.1 - - [03/Jan/2023:15:11:48 +0900] "GET / HTTP/1.1" 404 807
0:0:0:0:0:0:0:1 - - [03/Jan/2023:15:11:48 +0900] "GET /pro02/first4_4 HTTP/1.1" 302 -
0:0:0:0:0:0:0:1 - - [03/Jan/2023:15:11:48 +0900] "GET /pro02/second?name=woo HTTP/1.1" 200 17
0:0:0:0:0:0:0:1 - - [03/Jan/2023:15:11:52 +0900] "GET /pro02/second?name=woo HTTP/1.1" 200 17
0:0:0:0:0:0:0:1 - - [03/Jan/2023:15:12:09 +0900] "GET /pro02/second4_4 HTTP/1.1" 200 49
0:0:0:0:0:0:0:1 - - [03/Jan/2023:15:12:19 +0900] "GET /pro02/second?name=woo HTTP/1.1" 200 17
127.0.0.1 - - [03/Jan/2023:15:14:07 +0900] "GET / HTTP/1.1" 404 807
0:0:0:0:0:0:0:1 - - [03/Jan/2023:15:14:08 +0900] "GET /pro02/second4_4 HTTP/1.1" 200 49
127.0.0.1 - - [03/Jan/2023:15:16:44 +0900] "GET / HTTP/1.1" 404 807
0:0:0:0:0:0:0:1 - - [03/Jan/2023:15:16:45 +0900] "GET /pro02/first4_4 HTTP/1.1" 302 -
0:0:0:0:0:0:0:1 - - [03/Jan/2023:15:16:45 +0900] "GET /pro02/second4_4?name=woo HTTP/1.1" 200 48
0:0:0:0:0:0:0:1 - - [03/Jan/2023:15:16:45 +0900] "GET /favicon.ico HTTP/1.1" 404 818
127.0.0.1 - - [03/Jan/2023:15:26:38 +0900] "GET / HTTP/1.1" 404 807
0:0:0:0:0:0:0:1 - - [03/Jan/2023:15:26:39 +0900] "GET /pro02/login5.html HTTP/1.1" 200 962
0:0:0:0:0:0:0:1 - - [03/Jan/2023:15:26:42 +0900] "POST /pro02/login5 HTTP/1.1" 200 75
127.0.0.1 - - [03/Jan/2023:15:38:36 +0900] "GET / HTTP/1.1" 404 807
0:0:0:0:0:0:0:1 - - [03/Jan/2023:15:38:40 +0900] "GET /pro02/first5_1 HTTP/1.1" 500 78181
127.0.0.1 - - [03/Jan/2023:15:40:02 +0900] "GET / HTTP/1.1" 404 807
0:0:0:0:0:0:0:1 - - [03/Jan/2023:15:40:02 +0900] "GET /pro02/first5_1 HTTP/1.1" 200 58
127.0.0.1 - - [03/Jan/2023:15:40:50 +0900] "GET / HTTP/1.1" 404 807
0:0:0:0:0:0:0:1 - - [03/Jan/2023:15:40:50 +0900] "GET /pro02/first5_1 HTTP/1.1" 200 76
0:0:0:0:0:0:0:1 - - [03/Jan/2023:15:41:05 +0900] "GET /pro02/first5_1 HTTP/1.1" 200 76
127.0.0.1 - - [03/Jan/2023:15:41:19 +0900] "GET / HTTP/1.1" 404 807
0:0:0:0:0:0:0:1 - - [03/Jan/2023:15:41:19 +0900] "GET /pro02/first5_1 HTTP/1.1" 200 76
127.0.0.1 - - [03/Jan/2023:15:44:51 +0900] "GET / HTTP/1.1" 404 807
0:0:0:0:0:0:0:1 - - [03/Jan/2023:15:44:51 +0900] "GET /pro02/first5_2 HTTP/1.1" 200 76
127.0.0.1 - - [03/Jan/2023:15:45:14 +0900] "GET / HTTP/1.1" 404 807
0:0:0:0:0:0:0:1 - - [03/Jan/2023:15:45:14 +0900] "GET /pro02/first5_2 HTTP/1.1" 200 93
127.0.0.1 - - [03/Jan/2023:16:15:08 +0900] "GET / HTTP/1.1" 404 807
0:0:0:0:0:0:0:1 - - [03/Jan/2023:16:15:08 +0900] "GET /pro03/login.html HTTP/1.1" 200 2505
127.0.0.1 - - [03/Jan/2023:16:31:17 +0900] "GET / HTTP/1.1" 404 807
0:0:0:0:0:0:0:1 - - [03/Jan/2023:16:31:17 +0900] "GET /pro03/login.html HTTP/1.1" 200 586
0:0:0:0:0:0:0:1 - - [03/Jan/2023:16:31:21 +0900] "POST /pro03/login HTTP/1.1" 200 207
127.0.0.1 - - [03/Jan/2023:16:55:08 +0900] "GET / HTTP/1.1" 404 807
0:0:0:0:0:0:0:1 - - [03/Jan/2023:16:55:09 +0900] "GET /pro03/login.html HTTP/1.1" 200 586
0:0:0:0:0:0:0:1 - - [03/Jan/2023:16:55:14 +0900] "POST /pro03/login HTTP/1.1" 200 374
127.0.0.1 - - [03/Jan/2023:16:57:11 +0900] "GET / HTTP/1.1" 404 807
0:0:0:0:0:0:0:1 - - [03/Jan/2023:16:57:19 +0900] "POST /pro03/login HTTP/1.1" 200 350
0:0:0:0:0:0:0:1 - - [03/Jan/2023:17:01:47 +0900] "GET /pro03/second HTTP/1.1" 405 825
127.0.0.1 - - [03/Jan/2023:17:02:04 +0900] "GET / HTTP/1.1" 404 807
0:0:0:0:0:0:0:1 - - [03/Jan/2023:17:02:04 +0900] "GET /pro03/second HTTP/1.1" 405 825
127.0.0.1 - - [03/Jan/2023:17:02:45 +0900] "GET / HTTP/1.1" 404 807
0:0:0:0:0:0:0:1 - - [03/Jan/2023:17:02:46 +0900] "GET /pro03/second HTTP/1.1" 200 155
0:0:0:0:0:0:0:1 - - [03/Jan/2023:17:02:48 +0900] "GET /pro03/login.html HTTP/1.1" 304 -
0:0:0:0:0:0:0:1 - - [03/Jan/2023:17:02:51 +0900] "POST /pro03/login HTTP/1.1" 200 374
0:0:0:0:0:0:0:1 - - [03/Jan/2023:17:05:57 +0900] "GET /pro03/login.html HTTP/1.1" 304 -
0:0:0:0:0:0:0:1 - - [03/Jan/2023:17:06:00 +0900] "POST /pro03/login HTTP/1.1" 200 380
0:0:0:0:0:0:0:1 - - [03/Jan/2023:17:08:38 +0900] "GET /pro03/second?user_id=123123&user_pw=asdasdasd&user_address=%EB%8C%80%EC%A0%84%EC%8B%9C+%EC%9C%A0%EC%84%B1%EA%B5%AC HTTP/1.1" 200 269
0:0:0:0:0:0:0:1 - - [03/Jan/2023:17:09:02 +0900] "POST /pro03/login HTTP/1.1" 200 374
127.0.0.1 - - [03/Jan/2023:17:10:03 +0900] "GET / HTTP/1.1" 404 807
0:0:0:0:0:0:0:1 - - [03/Jan/2023:17:10:04 +0900] "GET /pro03/login.html HTTP/1.1" 304 -
0:0:0:0:0:0:0:1 - - [03/Jan/2023:17:10:04 +0900] "GET /favicon.ico HTTP/1.1" 404 818
0:0:0:0:0:0:0:1 - - [03/Jan/2023:17:10:09 +0900] "POST /pro03/login HTTP/1.1" 200 378
127.0.0.1 - - [03/Jan/2023:17:13:40 +0900] "GET / HTTP/1.1" 404 807
0:0:0:0:0:0:0:1 - - [03/Jan/2023:17:13:43 +0900] "POST /pro03/login HTTP/1.1" 200 374
0:0:0:0:0:0:0:1 - - [03/Jan/2023:17:13:47 +0900] "GET /pro03/second?user_id=123123&user_pw=123123&user_address=%EB%8C%80%EC%A0%84%EC%8B%9C+%EC%9C%A0%EC%84%B1%EA%B5%AC HTTP/1.1" 200 266
127.0.0.1 - - [03/Jan/2023:17:39:01 +0900] "GET / HTTP/1.1" 404 807
0:0:0:0:0:0:0:1 - - [03/Jan/2023:17:39:01 +0900] "GET /pro03/login.html HTTP/1.1" 304 -
0:0:0:0:0:0:0:1 - - [03/Jan/2023:17:39:03 +0900] "POST /pro03/login HTTP/1.1" 200 374
0:0:0:0:0:0:0:1 - - [03/Jan/2023:17:39:08 +0900] "GET /pro03/second?user_id=123123&user_pw=123123&user_address=%EB%8C%80%EC%A0%84%EC%8B%9C+%EC%9C%A0%EC%84%B1%EA%B5%AC HTTP/1.1" 200 266
